17:44:03 **** Incremental Build of configuration Debug for project STM32_OLED ****
make -j16 all 
arm-none-eabi-gcc "../Core/Src/main.c" -mcpu=cortex-m3 -std=gnu11 -g3 -DDEBUG -DUSE_HAL_DRIVER -DSTM32F103xB -c -I../Core/Inc -I../Drivers/STM32F1xx_HAL_Driver/Inc/Legacy -I../Drivers/STM32F1xx_HAL_Driver/Inc -I../Drivers/CMSIS/Device/ST/STM32F1xx/Include -I../Drivers/CMSIS/Include -O0 -ffunction-sections -fdata-sections -Wall -fstack-usage -fcyclomatic-complexity -MMD -MP -MF"Core/Src/main.d" -MT"Core/Src/main.o" --specs=nano.specs -mfloat-abi=soft -mthumb -o "Core/Src/main.o"
arm-none-eabi-g++ -o "STM32_OLED.elf" @"objects.list"   -mcpu=cortex-m3 -T"F:\STM32CubeIDE\workspace_1.18.0\STM32_OLED\STM32F103C8TX_FLASH.ld" --specs=nosys.specs -Wl,-Map="STM32_OLED.map" -Wl,--gc-sections -static --specs=nano.specs -mfloat-abi=soft -mthumb -u _printf_float -u _scanf_float -Wl,--start-group -lc -lm -lstdc++ -lsupc++ -Wl,--end-group
Finished building target: STM32_OLED.elf
 
arm-none-eabi-size  STM32_OLED.elf 
arm-none-eabi-objdump -h -S STM32_OLED.elf  > "STM32_OLED.list"
   text	   data	    bss	    dec	    hex	filename
  44520	    476	   3228	  48224	   bc60	STM32_OLED.elf
Finished building: default.size.stdout
 
Finished building: STM32_OLED.list
 

17:44:04 Build Finished. 0 errors, 0 warnings. (took 649ms)

