15:51:38 **** Incremental Build of configuration Debug for project STM32_ADC ****
make -j16 all 
arm-none-eabi-gcc "../Core/Src/adc.c" -mcpu=cortex-m3 -std=gnu11 -g3 -DDEBUG -DUSE_HAL_DRIVER -DSTM32F103xB -c -I../Core/Inc -I../Drivers/STM32F1xx_HAL_Driver/Inc/Legacy -I../Drivers/STM32F1xx_HAL_Driver/Inc -I../Drivers/CMSIS/Device/ST/STM32F1xx/Include -I../Drivers/CMSIS/Include -O0 -ffunction-sections -fdata-sections -Wall -fstack-usage -fcyclomatic-complexity -MMD -MP -MF"Core/Src/adc.d" -MT"Core/Src/adc.o" --specs=nano.specs -mfloat-abi=soft -mthumb -o "Core/Src/adc.o"
arm-none-eabi-gcc "../Core/Src/main.c" -mcpu=cortex-m3 -std=gnu11 -g3 -DDEBUG -DUSE_HAL_DRIVER -DSTM32F103xB -c -I../Core/Inc -I../Drivers/STM32F1xx_HAL_Driver/Inc/Legacy -I../Drivers/STM32F1xx_HAL_Driver/Inc -I../Drivers/CMSIS/Device/ST/STM32F1xx/Include -I../Drivers/CMSIS/Include -O0 -ffunction-sections -fdata-sections -Wall -fstack-usage -fcyclomatic-complexity -MMD -MP -MF"Core/Src/main.d" -MT"Core/Src/main.o" --specs=nano.specs -mfloat-abi=soft -mthumb -o "Core/Src/main.o"
../Core/Src/main.c: In function 'main':
../Core/Src/main.c:119:29: warning: format '%d' expects argument of type 'int', but argument 3 has type 'uint32_t' {aka 'long unsigned int'} [-Wformat=]
  119 |       sprintf(message,"ADC:%d %.2fV",adcValue,adcVoltage);
      |                            ~^        ~~~~~~~~
      |                             |        |
      |                             int      uint32_t {aka long unsigned int}
      |                            %ld
arm-none-eabi-g++ -o "STM32_ADC.elf" @"objects.list"   -mcpu=cortex-m3 -T"F:\STM32CubeIDE\workspace_1.18.0\STM32_ADC\STM32F103C8TX_FLASH.ld" --specs=nosys.specs -Wl,-Map="STM32_ADC.map" -Wl,--gc-sections -static --specs=nano.specs -mfloat-abi=soft -mthumb -u _printf_float -u _scanf_float -Wl,--start-group -lc -lm -lstdc++ -lsupc++ -Wl,--end-group
Finished building target: STM32_ADC.elf
 
arm-none-eabi-size  STM32_ADC.elf 
arm-none-eabi-objdump -h -S STM32_ADC.elf  > "STM32_ADC.list"
   text	   data	    bss	    dec	    hex	filename
  36672	    468	   3196	  40336	   9d90	STM32_ADC.elf
Finished building: default.size.stdout
 
Finished building: STM32_ADC.list
 

15:51:39 Build Finished. 0 errors, 1 warnings. (took 1s.268ms)

