14:56:48 **** Incremental Build of configuration Debug for project STM32_TIM_Motor ****
make -j16 all 
arm-none-eabi-gcc "../Core/Src/main.c" -mcpu=cortex-m3 -std=gnu11 -g3 -DDEBUG -DUSE_HAL_DRIVER -DSTM32F103xB -c -I../Core/Inc -I../Drivers/STM32F1xx_HAL_Driver/Inc/Legacy -I../Drivers/STM32F1xx_HAL_Driver/Inc -I../Drivers/CMSIS/Device/ST/STM32F1xx/Include -I../Drivers/CMSIS/Include -O0 -ffunction-sections -fdata-sections -Wall -fstack-usage -fcyclomatic-complexity -MMD -MP -MF"Core/Src/main.d" -MT"Core/Src/main.o" --specs=nano.specs -mfloat-abi=soft -mthumb -o "Core/Src/main.o"
arm-none-eabi-g++ -o "STM32_TIM_Motor.elf" @"objects.list"   -mcpu=cortex-m3 -T"F:\STM32CubeIDE\workspace_1.18.0\STM32_TIM_Motor\STM32F103C8TX_FLASH.ld" --specs=nosys.specs -Wl,-Map="STM32_TIM_Motor.map" -Wl,--gc-sections -static --specs=nano.specs -mfloat-abi=soft -mthumb -Wl,--start-group -lc -lm -lstdc++ -lsupc++ -Wl,--end-group
Finished building target: STM32_TIM_Motor.elf
 
arm-none-eabi-size  STM32_TIM_Motor.elf 
arm-none-eabi-objdump -h -S STM32_TIM_Motor.elf  > "STM32_TIM_Motor.list"
   text	   data	    bss	    dec	    hex	filename
  18176	     92	   3292	  21560	   5438	STM32_TIM_Motor.elf
Finished building: default.size.stdout
 
Finished building: STM32_TIM_Motor.list
 

14:56:49 Build Finished. 0 errors, 0 warnings. (took 825ms)

