../Core/Src/oled.c:49:6:OLED_Send	24	static
../Core/Src/oled.c:56:6:OLED_SendCmd	16	static
../Core/Src/oled.c:68:6:OLED_Init	8	static
../Core/Src/oled.c:119:6:OLED_DisPlay_On	8	static
../Core/Src/oled.c:128:6:OLED_DisPlay_Off	8	static
../Core/Src/oled.c:139:6:OLED_SetColorMode	16	static
../Core/Src/oled.c:153:6:OLED_NewFrame	8	static
../Core/Src/oled.c:162:6:OLED_ShowFrame	16	static
../Core/Src/oled.c:175:6:OLED_Clean	8	static
../Core/Src/oled.c:187:6:OLED_SetPixel	16	static
../Core/Src/oled.c:208:6:OLED_SetByte_Fine	16	static
../Core/Src/oled.c:231:6:OLED_SetByte	16	static
../Core/Src/oled.c:248:6:OLED_SetBits_Fine	40	static
../Core/Src/oled.c:272:6:OLED_SetBits	40	static
../Core/Src/oled.c:292:6:OLED_SetBlock	40	static
../Core/Src/oled.c:327:6:OLED_DrawLine	40	static
../Core/Src/oled.c:386:6:OLED_DrawRectangle	32	static
../Core/Src/oled.c:401:6:OLED_DrawFilledRectangle	40	static
../Core/Src/oled.c:417:6:OLED_DrawTriangle	32	static
../Core/Src/oled.c:433:6:OLED_DrawFilledTriangle	40	static
../Core/Src/oled.c:464:6:OLED_DrawCircle	32	static
../Core/Src/oled.c:495:6:OLED_DrawFilledCircle	40	static
../Core/Src/oled.c:523:6:OLED_DrawEllipse	56	static
../Core/Src/oled.c:563:6:OLED_DrawImage	32	static
../Core/Src/oled.c:577:6:OLED_PrintASCIIChar	32	static
../Core/Src/oled.c:589:6:OLED_PrintASCIIString	40	static
../Core/Src/oled.c:601:9:_OLED_GetUTF8Len	16	static
../Core/Src/oled.c:638:6:OLED_PrintString	56	static
../Core/Src/oled.c:678:6:OLED_Startup	16	static
